// Jest Snapshot v1, https://goo.gl/fbAQLP

exports[`AddProperty snapshot 1`] = `
<DocumentFragment>
  <div
    class="add-property"
  >
    <form
      aria-label="form"
      class="form"
    >
      <label
        class="label"
        for="title"
      >
        Title:
        <input
          class="input"
          id="title"
          name="title"
          placeholder="2 bed flat"
          value=""
        />
      </label>
      <label
        for="type"
      >
        Type:
        <select
          class="input"
          id="type"
          name="type"
        >
          <option
            value="Flat"
          >
            Flat
          </option>
          <option
            value="Detached"
          >
            Detached
          </option>
          <option
            value="Semi-Detached"
          >
            Semi-Detached
          </option>
          <option
            value="Terraced"
          >
            Terraced
          </option>
          <option
            value="End Of Terrace"
          >
            End Of Terrace
          </option>
          <option
            value="Cottage"
          >
            Cottage
          </option>
          <option
            value="Bungalow"
          >
            Bungalow
          </option>
        </select>
      </label>
      <div
        class="rooms"
      >
        <label
          for="bedrooms"
        >
          Bedrooms:
          <input
            class="number"
            id="bedrooms"
            max="9"
            min="1"
            name="bedrooms"
            type="number"
            value="1"
          />
        </label>
        <label
          for="bathrooms"
        >
          Bathrooms:
          <input
            class="number"
            id="bathrooms"
            max="9"
            min="1"
            name="bathrooms"
            type="number"
            value="1"
          />
        </label>
      </div>
      <label
        for="price"
      >
        Price:
        <input
          class="input"
          id="price"
          min="0"
          name="price"
          step="any"
          type="number"
          value="0"
        />
      </label>
      <label
        for="city"
      >
        City:
        <select
          class="input"
          id="city"
          name="city"
        >
          <option
            value="Manchester"
          >
            Manchester
          </option>
          <option
            value="Leeds"
          >
            Leeds
          </option>
          <option
            value="Sheffield"
          >
            Sheffield
          </option>
          <option
            value="Liverpool"
          >
            Liverpool
          </option>
        </select>
      </label>
      <label
        for="email"
      >
        Email:
        <input
          class="input"
          id="email"
          name="email"
          placeholder="perry.baran@email.com"
          type="email"
          value=""
        />
      </label>
      <button
        type="submit"
      >
        Add
      </button>
    </form>
  </div>
</DocumentFragment>
`;
