// Jest Snapshot v1, https://goo.gl/fbAQLP

exports[`AddProperty snapshot 1`] = `
<DocumentFragment>
  <div
    class="add-property"
  >
    <form
      aria-label="form"
      class="add-property-form"
    >
      <label
        class="add-property-label"
        for="title"
      >
        <span>
          Title
        </span>
        <input
          class="add-property-input"
          id="title"
          name="title"
          placeholder="2 bed flat"
          required=""
          value=""
        />
      </label>
      <label
        class="add-property-label"
        for="type"
      >
        <span>
          Type
        </span>
        <select
          class="add-property-select"
          id="type"
          name="type"
        >
          <option
            value="Flat"
          >
            Flat
          </option>
          <option
            value="Detached"
          >
            Detached
          </option>
        </select>
      </label>
      <label
        class="add-property-label"
        for="bedrooms"
      >
        <span>
          Bedrooms
        </span>
        <input
          class="add-property-input"
          id="bedrooms"
          min="0"
          name="bedrooms"
          type="number"
          value="0"
        />
      </label>
      <label
        class="add-property-label"
        for="bathrooms"
      >
        <span>
          Bathrooms
        </span>
        <input
          class="add-property-input"
          id="bathrooms"
          min="0"
          name="bathrooms"
          type="number"
          value="0"
        />
      </label>
      <label
        class="add-property-label"
        for="price"
      >
        <span>
          Price
        </span>
        <div
          class="add-property-price"
        >
          <span>
            Â£
          </span>
          <input
            id="price"
            min="0"
            name="price"
            required=""
            step="any"
            type="number"
            value="0"
          />
        </div>
      </label>
      <label
        class="add-property-label"
        for="city"
      >
        <span>
          City
        </span>
        <select
          class="add-property-select"
          id="city"
          name="city"
        >
          <option
            value="Leeds"
          >
            Leeds
          </option>
          <option
            value="Manchester"
          >
            Manchester
          </option>
        </select>
      </label>
      <label
        class="add-property-label"
        for="email"
      >
        <span>
          Email
        </span>
        <input
          class="add-property-input"
          id="email"
          name="email"
          placeholder="fake.email@example.com"
          required=""
          type="email"
          value=""
        />
      </label>
      <button
        class="add-property-button"
        type="submit"
      >
        Add
      </button>
    </form>
  </div>
</DocumentFragment>
`;
