// Jest Snapshot v1, https://goo.gl/fbAQLP

exports[`Loader snapshot 1`] = `
<DocumentFragment>
  <div
    class="loader"
  >
    <span
      aria-label="Loading Spinner"
      data-testid="loader"
      style="width: 40px; height: 40px; border-radius: 100%; border: 2px solid; border-top-color: #a20aa2; border-bottom-color: transparent; border-left-color: #a20aa2; border-right-color: #a20aa2; display: inline-block; animation: react-spinners-ClipLoader-clip 0.75s 0s infinite linear; animation-fill-mode: both;"
    />
  </div>
</DocumentFragment>
`;
